SUCCESS
Program( # input.cq:1:1..17:3
  version: <
    Version( # input.cq:1:1..10
      items: [
        DecimalIntegerLiteral( # input.cq:1:7..8
          value: 2
        )
        DecimalIntegerLiteral( # input.cq:1:9..10
          value: 0
        )
      ]
    )
  >
  data: <
    SemicolonSeparated( # input.cq:1:10..17:16
      elements: [
        QubitDefinition( # input.cq:1:10..3:8
          modifiers: <
            Modifiers( # input.cq:1:10
              scope: <
                ScopeLocal( # input.cq:1:10
)
              >
              lifetime: <
                LifetimeAutomatic( # input.cq:1:10
)
              >
              implementation: <
                ImplementationAutomatic( # input.cq:1:10
)
              >
            )
          >
          data: <
            Identifier( # input.cq:3:7..8
              name: q
            )
          >
        )
        VariableDefinition( # input.cq:3:9..4:16
          modifiers: <
            Modifiers( # input.cq:3:9
              scope: <
                ScopeLocal( # input.cq:3:9
)
              >
              lifetime: <
                LifetimeAutomatic( # input.cq:3:9
)
              >
              implementation: <
                ImplementationAutomatic( # input.cq:3:9
)
              >
            )
          >
          data: <
            AssignmentOperator( # input.cq:4:5..16
              value: <
                Identifier( # input.cq:4:11..16
                  name: false
                )
              >
              target: <
                Identifier( # input.cq:4:5..8
                  name: sel
                )
              >
            )
          >
        )
        WhileLoop( # input.cq:4:17..17:2
          modifiers: <
            Modifiers( # input.cq:4:17
              scope: <
                ScopeLocal( # input.cq:4:17
)
              >
              lifetime: <
                LifetimeAutomatic( # input.cq:4:17
)
              >
              implementation: <
                ImplementationAutomatic( # input.cq:4:17
)
              >
            )
          >
          label: -
          annotations: <
            Annotations( # input.cq:8:6
              data: []
            )
          >
          control: <
            Identifier( # input.cq:8:8..12
              name: true
            )
          >
          body: <
            Block( # input.cq:8:14..17:2
              data: <
                SemicolonSeparated( # input.cq:12:5..15:29
                  elements: [
                    BitwiseXorByOperator( # input.cq:12:5..22
                      value: <
                        FunctionCall( # input.cq:12:12..22
                          function: <
                            Identifier( # input.cq:12:12..19
                              name: measure
                            )
                          >
                          arguments: <
                            Identifier( # input.cq:12:20..21
                              name: q
                            )
                          >
                        )
                      >
                      target: <
                        Identifier( # input.cq:12:5..8
                          name: sel
                        )
                      >
                    )
                    IfElifElseBlock( # input.cq:12:23..15:28
                      modifiers: <
                        Modifiers( # input.cq:12:23
                          scope: <
                            ScopeLocal( # input.cq:12:23
)
                          >
                          lifetime: <
                            LifetimeAutomatic( # input.cq:12:23
)
                          >
                          implementation: <
                            ImplementationAutomatic( # input.cq:12:23
)
                          >
                        )
                      >
                      annotations: <
                        Annotations( # input.cq:15:7
                          data: []
                        )
                      >
                      return_type: <
                        Void( # input.cq:15:13
)
                      >
                      arms: [
                        MatchArm(
                          condition: <
                            Identifier( # input.cq:15:9..12
                              name: sel
                            )
                          >
                          body: <
                            FunctionCall( # input.cq:15:14..18
                              function: <
                                Identifier( # input.cq:15:14..15
                                  name: a
                                )
                              >
                              arguments: <
                                Identifier( # input.cq:15:16..17
                                  name: q
                                )
                              >
                            )
                          >
                        )
                      ]
                      otherwise: <
                        FunctionCall( # input.cq:15:24..28
                          function: <
                            Identifier( # input.cq:15:24..25
                              name: b
                            )
                          >
                          arguments: <
                            Identifier( # input.cq:15:26..27
                              name: q
                            )
                          >
                        )
                      >
                    )
                  ]
                )
              >
            )
          >
        )
      ]
    )
  >
)

