SUCCESS
Program( # input.cq:1:1..7:23
  version: <
    Version( # input.cq:1:1..10
      items: [
        DecimalIntegerLiteral( # input.cq:1:7..8
          value: 2
        )
        DecimalIntegerLiteral( # input.cq:1:9..10
          value: 0
        )
      ]
    )
  >
  data: <
    SemicolonSeparated( # input.cq:1:10..7:23
      elements: [
        QubitDefinition( # input.cq:1:10..3:8
          modifiers: <
            Modifiers( # input.cq:1:10
              scope: <
                ScopeLocal( # input.cq:1:10
)
              >
              lifetime: <
                LifetimeAutomatic( # input.cq:1:10
)
              >
              implementation: <
                ImplementationAutomatic( # input.cq:1:10
)
              >
            )
          >
          data: <
            Identifier( # input.cq:3:7..8
              name: q
            )
          >
        )
        RepeatUntilLoop( # input.cq:3:9..7:22
          modifiers: <
            Modifiers( # input.cq:3:9
              scope: <
                ScopeLocal( # input.cq:3:9
)
              >
              lifetime: <
                LifetimeAutomatic( # input.cq:3:9
)
              >
              implementation: <
                ImplementationAutomatic( # input.cq:3:9
)
              >
            )
          >
          label: -
          annotations: <
            Annotations( # input.cq:5:7
              data: []
            )
          >
          control: <
            BitwiseNotOperator( # input.cq:7:10..21
              operand: <
                FunctionCall( # input.cq:7:11..21
                  function: <
                    Identifier( # input.cq:7:11..18
                      name: measure
                    )
                  >
                  arguments: <
                    Identifier( # input.cq:7:19..20
                      name: q
                    )
                  >
                )
              >
            )
          >
          body: <
            Block( # input.cq:5:8..7:2
              data: <
                Void( # input.cq:5:9
)
              >
            )
          >
        )
      ]
    )
  >
)

